// Jest Snapshot v1, https://goo.gl/fbAQLP

exports[`patternHeader should render correctly 1`] = `
<div
  className="header"
>
  <div
    className="trainIcon"
  >
    <div
      className="trainIcon undefined undefined"
    />
  </div>
  <h4
    className="origin"
  >
    Now Naija
  </h4>
  <h3
    className="destination"
  >
    <span>
      to
    </span>
     
    Better Naija
  </h3>
  <div
    className="operatedBy"
  >
    Operated by 
    Me and You
  </div>
</div>
`;
