// Jest Snapshot v1, https://goo.gl/fbAQLP

exports[`TrainTimes should render correctly 1`] = `
<ul
  className="traintimes"
>
  <li>
    <a
      href="/W13510"
      onClick={[Function]}
    >
      <div
        className="timesJourney"
      >
        <div
          className="scheduledTime"
        >
          18:57
        </div>
        <div
          className="destination"
        >
          WAT
        </div>
        <div
          className="platform"
        >
          PLAT. 
          4
        </div>
        <div
          className="origin"
        >
          LONDON
        </div>
        <div
          className="updateTime"
        >
          <span>
            EXP
          </span>
          18:57
        </div>
      </div>
    </a>
  </li>
  <li>
    <a
      href="/W15028"
      onClick={[Function]}
    >
      <div
        className="timesJourney"
      >
        <div
          className="scheduledTime"
        >
          18:58
        </div>
        <div
          className="destination"
        >
          WNR
        </div>
        <div
          className="platform"
        >
          PLAT. 
          17
        </div>
        <div
          className="origin"
        >
          LONDON
        </div>
        <div
          className="updateTime"
        >
          <span>
            EXP
          </span>
          18:58
        </div>
      </div>
    </a>
  </li>
  <li>
    <a
      href="/W10989"
      onClick={[Function]}
    >
      <div
        className="timesJourney"
      >
        <div
          className="scheduledTime"
        >
          19:00
        </div>
        <div
          className="destination"
        >
          PMH
        </div>
        <div
          className="platform"
        >
          PLAT. 
          12
        </div>
        <div
          className="origin"
        >
          LONDON
        </div>
        <div
          className="updateTime"
        >
          <span>
            EXP
          </span>
          19:00
        </div>
      </div>
    </a>
  </li>
  <li>
    <a
      href="/W12270"
      onClick={[Function]}
    >
      <div
        className="timesJourney"
      >
        <div
          className="scheduledTime"
        >
          19:01
        </div>
        <div
          className="destination"
        >
          EPS
        </div>
        <div
          className="platform"
        >
          PLAT. 
          5
        </div>
        <div
          className="origin"
        >
          LONDON
        </div>
        <div
          className="updateTime"
        >
          <span>
            EXP
          </span>
          19:01
        </div>
      </div>
    </a>
  </li>
</ul>
`;
