// Jest Snapshot v1, https://goo.gl/fbAQLP

exports[`TrainTimes should render correctly 1`] = `
<MemoryRouter
  initialEntries={
    Array [
      Object {
        "key": "testKey",
        "pathname": "/",
      },
    ]
  }
>
  <Router
    history={
      Object {
        "action": "POP",
        "block": [Function],
        "canGo": [Function],
        "createHref": [Function],
        "entries": Array [
          Object {
            "hash": "",
            "key": "testKey",
            "pathname": "/",
            "search": "",
          },
        ],
        "go": [Function],
        "goBack": [Function],
        "goForward": [Function],
        "index": 0,
        "length": 1,
        "listen": [Function],
        "location": Object {
          "hash": "",
          "key": "testKey",
          "pathname": "/",
          "search": "",
        },
        "push": [Function],
        "replace": [Function],
      }
    }
  >
    <Provider
      store={
        Object {
          "dispatch": [Function],
          "getState": [Function],
          "replaceReducer": [Function],
          "subscribe": [Function],
          Symbol(observable): [Function],
        }
      }
    >
      <Connect(TrainTimes)>
        <TrainTimes
          fetchPattern={[Function]}
          fetchTrainTimes={[Function]}
          trainTimes={
            Array [
              Object {
                "callingPatternUrl": "https://realtime.thetrainline.com/callingPattern/W13510/2018-07-19",
                "callingType": "PickUp",
                "circularRoute": true,
                "destinationList": Array [
                  Object {
                    "crs": "WAT",
                  },
                ],
                "realTimeUpdatesInfo": Object {
                  "realTimeServiceInfo": Object {
                    "realTime": "2018-07-19T18:57:00+01:00",
                    "realTimeFlag": "Estimate",
                    "realTimePlatform": "4",
                  },
                },
                "scheduledInfo": Object {
                  "scheduledPlatform": "4",
                  "scheduledTime": "2018-07-19T18:57:00+01:00",
                },
                "serviceIdentifier": "W13510",
                "serviceOperator": "SW",
                "transportMode": "TRAIN",
              },
              Object {
                "callingPatternUrl": "https://realtime.thetrainline.com/callingPattern/W15028/2018-07-19",
                "callingType": "PickUp",
                "destinationList": Array [
                  Object {
                    "crs": "WNR",
                  },
                ],
                "realTimeUpdatesInfo": Object {
                  "realTimeServiceInfo": Object {
                    "realTime": "2018-07-19T18:58:00+01:00",
                    "realTimeFlag": "Estimate",
                    "realTimePlatform": "17",
                  },
                },
                "scheduledInfo": Object {
                  "scheduledPlatform": "17",
                  "scheduledTime": "2018-07-19T18:58:00+01:00",
                },
                "serviceIdentifier": "W15028",
                "serviceOperator": "SW",
                "transportMode": "TRAIN",
              },
              Object {
                "callingPatternUrl": "https://realtime.thetrainline.com/callingPattern/W10989/2018-07-19",
                "callingType": "PickUp",
                "destinationList": Array [
                  Object {
                    "crs": "PMH",
                  },
                ],
                "realTimeUpdatesInfo": Object {
                  "realTimeServiceInfo": Object {
                    "realTime": "2018-07-19T19:00:00+01:00",
                    "realTimeFlag": "Estimate",
                    "realTimePlatform": "12",
                  },
                },
                "scheduledInfo": Object {
                  "scheduledPlatform": "12",
                  "scheduledTime": "2018-07-19T19:00:00+01:00",
                },
                "serviceIdentifier": "W10989",
                "serviceOperator": "SW",
                "transportMode": "TRAIN",
              },
              Object {
                "callingPatternUrl": "https://realtime.thetrainline.com/callingPattern/W12270/2018-07-19",
                "callingType": "PickUp",
                "destinationList": Array [
                  Object {
                    "crs": "EPS",
                  },
                ],
                "realTimeUpdatesInfo": Object {
                  "realTimeServiceInfo": Object {
                    "realTime": "2018-07-19T19:01:00+01:00",
                    "realTimeFlag": "Estimate",
                    "realTimePlatform": "5",
                  },
                },
                "scheduledInfo": Object {
                  "scheduledPlatform": "5",
                  "scheduledTime": "2018-07-19T19:01:00+01:00",
                },
                "serviceIdentifier": "W12270",
                "serviceOperator": "SW",
                "transportMode": "TRAIN",
              },
            ]
          }
        >
          <ul
            className="traintimes"
          >
            <TimesJourney
              key="W13510-0"
              onClick={[Function]}
              timesJourney={
                Object {
                  "callingPatternUrl": "https://realtime.thetrainline.com/callingPattern/W13510/2018-07-19",
                  "callingType": "PickUp",
                  "circularRoute": true,
                  "destinationList": Array [
                    Object {
                      "crs": "WAT",
                    },
                  ],
                  "realTimeUpdatesInfo": Object {
                    "realTimeServiceInfo": Object {
                      "realTime": "2018-07-19T18:57:00+01:00",
                      "realTimeFlag": "Estimate",
                      "realTimePlatform": "4",
                    },
                  },
                  "scheduledInfo": Object {
                    "scheduledPlatform": "4",
                    "scheduledTime": "2018-07-19T18:57:00+01:00",
                  },
                  "serviceIdentifier": "W13510",
                  "serviceOperator": "SW",
                  "transportMode": "TRAIN",
                }
              }
            >
              <li>
                <Link
                  replace={false}
                  to="W13510"
                >
                  <a
                    href="/W13510"
                    onClick={[Function]}
                  >
                    <div
                      className="timesJourney"
                    >
                      <div
                        className="scheduledTime"
                      >
                        18:57
                      </div>
                      <div
                        className="destination"
                      >
                        WAT
                      </div>
                      <div
                        className="platform"
                      >
                        PLAT. 
                        4
                      </div>
                      <div
                        className="origin"
                      >
                        LONDON
                      </div>
                      <div
                        className="updateTime"
                      >
                        <span>
                          EXP
                        </span>
                        18:57
                      </div>
                    </div>
                  </a>
                </Link>
              </li>
            </TimesJourney>
            <TimesJourney
              key="W15028-1"
              onClick={[Function]}
              timesJourney={
                Object {
                  "callingPatternUrl": "https://realtime.thetrainline.com/callingPattern/W15028/2018-07-19",
                  "callingType": "PickUp",
                  "destinationList": Array [
                    Object {
                      "crs": "WNR",
                    },
                  ],
                  "realTimeUpdatesInfo": Object {
                    "realTimeServiceInfo": Object {
                      "realTime": "2018-07-19T18:58:00+01:00",
                      "realTimeFlag": "Estimate",
                      "realTimePlatform": "17",
                    },
                  },
                  "scheduledInfo": Object {
                    "scheduledPlatform": "17",
                    "scheduledTime": "2018-07-19T18:58:00+01:00",
                  },
                  "serviceIdentifier": "W15028",
                  "serviceOperator": "SW",
                  "transportMode": "TRAIN",
                }
              }
            >
              <li>
                <Link
                  replace={false}
                  to="W15028"
                >
                  <a
                    href="/W15028"
                    onClick={[Function]}
                  >
                    <div
                      className="timesJourney"
                    >
                      <div
                        className="scheduledTime"
                      >
                        18:58
                      </div>
                      <div
                        className="destination"
                      >
                        WNR
                      </div>
                      <div
                        className="platform"
                      >
                        PLAT. 
                        17
                      </div>
                      <div
                        className="origin"
                      >
                        LONDON
                      </div>
                      <div
                        className="updateTime"
                      >
                        <span>
                          EXP
                        </span>
                        18:58
                      </div>
                    </div>
                  </a>
                </Link>
              </li>
            </TimesJourney>
            <TimesJourney
              key="W10989-2"
              onClick={[Function]}
              timesJourney={
                Object {
                  "callingPatternUrl": "https://realtime.thetrainline.com/callingPattern/W10989/2018-07-19",
                  "callingType": "PickUp",
                  "destinationList": Array [
                    Object {
                      "crs": "PMH",
                    },
                  ],
                  "realTimeUpdatesInfo": Object {
                    "realTimeServiceInfo": Object {
                      "realTime": "2018-07-19T19:00:00+01:00",
                      "realTimeFlag": "Estimate",
                      "realTimePlatform": "12",
                    },
                  },
                  "scheduledInfo": Object {
                    "scheduledPlatform": "12",
                    "scheduledTime": "2018-07-19T19:00:00+01:00",
                  },
                  "serviceIdentifier": "W10989",
                  "serviceOperator": "SW",
                  "transportMode": "TRAIN",
                }
              }
            >
              <li>
                <Link
                  replace={false}
                  to="W10989"
                >
                  <a
                    href="/W10989"
                    onClick={[Function]}
                  >
                    <div
                      className="timesJourney"
                    >
                      <div
                        className="scheduledTime"
                      >
                        19:00
                      </div>
                      <div
                        className="destination"
                      >
                        PMH
                      </div>
                      <div
                        className="platform"
                      >
                        PLAT. 
                        12
                      </div>
                      <div
                        className="origin"
                      >
                        LONDON
                      </div>
                      <div
                        className="updateTime"
                      >
                        <span>
                          EXP
                        </span>
                        19:00
                      </div>
                    </div>
                  </a>
                </Link>
              </li>
            </TimesJourney>
            <TimesJourney
              key="W12270-3"
              onClick={[Function]}
              timesJourney={
                Object {
                  "callingPatternUrl": "https://realtime.thetrainline.com/callingPattern/W12270/2018-07-19",
                  "callingType": "PickUp",
                  "destinationList": Array [
                    Object {
                      "crs": "EPS",
                    },
                  ],
                  "realTimeUpdatesInfo": Object {
                    "realTimeServiceInfo": Object {
                      "realTime": "2018-07-19T19:01:00+01:00",
                      "realTimeFlag": "Estimate",
                      "realTimePlatform": "5",
                    },
                  },
                  "scheduledInfo": Object {
                    "scheduledPlatform": "5",
                    "scheduledTime": "2018-07-19T19:01:00+01:00",
                  },
                  "serviceIdentifier": "W12270",
                  "serviceOperator": "SW",
                  "transportMode": "TRAIN",
                }
              }
            >
              <li>
                <Link
                  replace={false}
                  to="W12270"
                >
                  <a
                    href="/W12270"
                    onClick={[Function]}
                  >
                    <div
                      className="timesJourney"
                    >
                      <div
                        className="scheduledTime"
                      >
                        19:01
                      </div>
                      <div
                        className="destination"
                      >
                        EPS
                      </div>
                      <div
                        className="platform"
                      >
                        PLAT. 
                        5
                      </div>
                      <div
                        className="origin"
                      >
                        LONDON
                      </div>
                      <div
                        className="updateTime"
                      >
                        <span>
                          EXP
                        </span>
                        19:01
                      </div>
                    </div>
                  </a>
                </Link>
              </li>
            </TimesJourney>
          </ul>
        </TrainTimes>
      </Connect(TrainTimes)>
    </Provider>
  </Router>
</MemoryRouter>
`;
